app/(tabs)/cart.tsx(159,98): error TS2345: Argument of type '"/terms-of-sale"' is not assignable to parameter of type '"/" | RelativePathString | ExternalPathString | "/catalog" | `/catalog?${string}` | `/catalog#${string}` | "/checkout" | `/checkout?${string}` | `/checkout#${string}` | "/favorites" | ... 105 more ... | { ...; }'.
app/(tabs)/profile.tsx(41,35): error TS2304: Cannot find name 'Project'.
app/(tabs)/profile.tsx(52,34): error TS2304: Cannot find name 'Project'.
app/admin/add-product.tsx(1779,3): error TS1117: An object literal cannot have multiple properties with the same name.
app/admin/catalog.tsx(168,31): error TS2339: Property 'productSku' does not exist on type '{ container: { flex: number; backgroundColor: string; }; header: { flexDirection: "row"; alignItems: "center"; justifyContent: "space-between"; paddingHorizontal: number; paddingVertical: number; backgroundColor: string; borderBottomWidth: number; borderBottomColor: string; }; ... 48 more ...; retryButtonText: { ......'.
app/checkout/success.tsx(44,63): error TS2339: Property 'primary' does not exist on type '{ light: { text: string; textSecondary: string; background: string; backgroundSecondary: string; tint: string; tabIconDefault: string; tabIconSelected: string; border: string; card: string; shadow: string; ... 7 more ...; error: string; }; }'.
app/checkout/success.tsx(67,59): error TS2339: Property 'primary' does not exist on type '{ light: { text: string; textSecondary: string; background: string; backgroundSecondary: string; tint: string; tabIconDefault: string; tabIconSelected: string; border: string; card: string; shadow: string; ... 7 more ...; error: string; }; }'.
app/checkout/success.tsx(104,55): error TS2339: Property 'primary' does not exist on type '{ light: { text: string; textSecondary: string; background: string; backgroundSecondary: string; tint: string; tabIconDefault: string; tabIconSelected: string; border: string; card: string; shadow: string; ... 7 more ...; error: string; }; }'.
app/checkout/success.tsx(223,33): error TS2339: Property 'primary' does not exist on type '{ light: { text: string; textSecondary: string; background: string; backgroundSecondary: string; tint: string; tabIconDefault: string; tabIconSelected: string; border: string; card: string; shadow: string; ... 7 more ...; error: string; }; }'.
app/checkout/success.tsx(230,29): error TS2339: Property 'primary' does not exist on type '{ light: { text: string; textSecondary: string; background: string; backgroundSecondary: string; tint: string; tabIconDefault: string; tabIconSelected: string; border: string; card: string; shadow: string; ... 7 more ...; error: string; }; }'.
app/checkout/success.tsx(253,23): error TS2339: Property 'primary' does not exist on type '{ light: { text: string; textSecondary: string; background: string; backgroundSecondary: string; tint: string; tabIconDefault: string; tabIconSelected: string; border: string; card: string; shadow: string; ... 7 more ...; error: string; }; }'.
app/order-history.tsx(212,65): error TS2339: Property 'zelleReference' does not exist on type 'Order'.
app/order-history.tsx(215,41): error TS2339: Property 'zelleReference' does not exist on type 'Order'.
